-- west build: generating a build system
Loading Zephyr default modules (Zephyr base).
-- Application: /home/ayman/zephyrproject/iti_applications/power_switch_project
-- CMake version: 3.28.3
-- Found Python3: /home/ayman/zephyrproject/.venv/bin/python3 (found suitable version "3.12.3", minimum required is "3.12") found components: Interpreter 
-- Cache files will be written to: /home/ayman/.cache/zephyr
-- Zephyr version: 4.3.99 (/home/ayman/zephyrproject/zephyr)
-- Found west (found suitable version "1.5.0", minimum required is "0.14.0")
-- Board: blackpill_f401cc, qualifiers: stm32f401xc
-- ZEPHYR_TOOLCHAIN_VARIANT not set, trying to locate Zephyr SDK
-- Found host-tools: zephyr 0.17.4 (/home/ayman/zephyr-sdk-0.17.4)
-- Found toolchain: zephyr 0.17.4 (/home/ayman/zephyr-sdk-0.17.4)
-- Found Dtc: /home/ayman/zephyr-sdk-0.17.4/sysroots/x86_64-pokysdk-linux/usr/bin/dtc (found suitable version "1.7.0", minimum required is "1.4.6") 
-- Found BOARD.dts: /home/ayman/zephyrproject/zephyr/boards/weact/blackpill_f401cc/blackpill_f401cc.dts
-- Found devicetree overlay: /home/ayman/zephyrproject/iti_applications/power_switch_project/boards/blackpill_f401cc.overlay
-- Generated zephyr.dts: /home/ayman/zephyrproject/iti_applications/power_switch_project/build/zephyr/zephyr.dts
-- Generated pickled edt: /home/ayman/zephyrproject/iti_applications/power_switch_project/build/zephyr/edt.pickle
-- Generated devicetree_generated.h: /home/ayman/zephyrproject/iti_applications/power_switch_project/build/zephyr/include/generated/zephyr/devicetree_generated.h
Parsing /home/ayman/zephyrproject/zephyr/Kconfig
Loaded configuration '/home/ayman/zephyrproject/zephyr/boards/weact/blackpill_f401cc/blackpill_f401cc_defconfig'
Merged configuration '/home/ayman/zephyrproject/iti_applications/power_switch_project/prj.conf'
Configuration saved to '/home/ayman/zephyrproject/iti_applications/power_switch_project/build/zephyr/.config'
Kconfig header saved to '/home/ayman/zephyrproject/iti_applications/power_switch_project/build/zephyr/include/generated/zephyr/autoconf.h'
-- Found GnuLd: /home/ayman/zephyr-sdk-0.17.4/arm-zephyr-eabi/arm-zephyr-eabi/bin/ld.bfd (found version "2.38") 
-- The C compiler identification is GNU 12.2.0
-- The CXX compiler identification is GNU 12.2.0
-- The ASM compiler identification is GNU
-- Found assembler: /home/ayman/zephyr-sdk-0.17.4/arm-zephyr-eabi/bin/arm-zephyr-eabi-gcc
-- Using ccache: /usr/bin/ccache
-- Found gen_kobject_list: /home/ayman/zephyrproject/zephyr/scripts/build/gen_kobject_list.py
-- Configuring done (5.5s)
-- Generating done (0.1s)
-- Build files have been written to: /home/ayman/zephyrproject/iti_applications/power_switch_project/build
-- west build: building application
[1/165] Preparing syscall dependency handling

[2/165] Generating misc/generated/syscalls_subdirs.trigger
[3/165] Generating include/generated/zephyr/version.h
-- Zephyr version: 4.3.99 (/home/ayman/zephyrproject/zephyr), build: v4.3.0-8193-g3885b135c0e5
[4/165] Generating misc/generated/syscalls.json, misc/generated/struct_tags.json
[5/165] Generating include/generated/device-api-sections.ld, include/generated/device-api-sections.cmake
[6/165] Generating include/generated/zephyr/syscall_dispatch.c, include/generated/zephyr/syscall_exports_llext.c, syscall_weakdefs_llext.c, include/generated/zephyr/syscall_list.h
[7/165] Generating include/generated/zephyr/kobj-types-enum.h, include/generated/zephyr/otype-to-str.h, include/generated/zephyr/otype-to-size.h
[8/165] Generating include/generated/zephyr/driver-validation.h
[9/165] Building C object zephyr/lib/heap/CMakeFiles/heap_constants.dir/heap_constants.c.obj
[10/165] Generating ../../include/generated/zephyr/heap_constants.h
[11/165] Building C object zephyr/CMakeFiles/offsets.dir/arch/arm/core/offsets/offsets.c.obj
[12/165] Generating include/generated/zephyr/offsets.h
[13/165] Building C object zephyr/CMakeFiles/zephyr.dir/lib/utils/hex.c.obj
[14/165] Building C object zephyr/CMakeFiles/zephyr.dir/lib/utils/dec.c.obj
[15/165] Building C object zephyr/CMakeFiles/zephyr.dir/lib/os/assert.c.obj
[16/165] Building C object zephyr/CMakeFiles/zephyr.dir/lib/libc/validate_libc.c.obj
[17/165] Building C object zephyr/CMakeFiles/zephyr.dir/lib/os/sem.c.obj
[18/165] Building C object zephyr/CMakeFiles/zephyr.dir/lib/os/thread_entry.c.obj
[19/165] Building C object zephyr/CMakeFiles/zephyr.dir/lib/os/printk.c.obj
[20/165] Building C object CMakeFiles/app.dir/src/main.c.obj
[21/165] Building C object zephyr/CMakeFiles/zephyr.dir/lib/utils/timeutil.c.obj
[22/165] Building C object zephyr/CMakeFiles/zephyr.dir/lib/utils/last_section_id.c.obj
[23/165] Linking C static library app/libapp.a
[24/165] Building C object zephyr/CMakeFiles/zephyr.dir/lib/utils/bitmask.c.obj
[25/165] Building C object zephyr/CMakeFiles/zephyr.dir/misc/generated/configs.c.obj
[26/165] Building C object zephyr/CMakeFiles/zephyr.dir/lib/utils/ring_buffer.c.obj
[27/165] Building C object zephyr/CMakeFiles/zephyr.dir/lib/os/clock.c.obj
[28/165] Building C object zephyr/CMakeFiles/zephyr.dir/lib/os/cbprintf_complete.c.obj
[29/165] Building C object zephyr/CMakeFiles/zephyr.dir/lib/os/cbprintf_packaged.c.obj
[30/165] Building C object zephyr/CMakeFiles/zephyr.dir/lib/utils/getopt/getopt_common.c.obj
[31/165] Building C object zephyr/CMakeFiles/zephyr.dir/lib/utils/getopt/getopt.c.obj
[32/165] Building C object zephyr/CMakeFiles/zephyr.dir/soc/st/stm32/common/soc_config.c.obj
[33/165] Building C object zephyr/CMakeFiles/zephyr.dir/lib/os/mpsc_pbuf.c.obj
[34/165] Building C object zephyr/CMakeFiles/zephyr.dir/lib/utils/bitarray.c.obj
[35/165] Building C object zephyr/CMakeFiles/zephyr.dir/subsys/logging/log_cache.c.obj
[36/165] Building C object zephyr/CMakeFiles/zephyr.dir/lib/utils/rb.c.obj
[37/165] Building C object zephyr/CMakeFiles/zephyr.dir/lib/heap/heap.c.obj
[38/165] Building C object zephyr/CMakeFiles/zephyr.dir/soc/st/stm32/common/stm32cube_hal.c.obj
[39/165] Building C object zephyr/CMakeFiles/zephyr.dir/soc/st/stm32/common/gpioport_mgr.c.obj
[40/165] Generating linker_zephyr_pre0.cmd
[41/165] Building C object zephyr/CMakeFiles/zephyr.dir/soc/st/stm32/common/stm32_backup_domain.c.obj
[42/165] Building C object zephyr/CMakeFiles/zephyr_pre0.dir/misc/empty_file.c.obj
[43/165] Building C object zephyr/CMakeFiles/zephyr.dir/subsys/logging/log_mgmt.c.obj
[44/165] Building C object zephyr/CMakeFiles/zephyr.dir/soc/st/stm32/stm32f4x/soc.c.obj
[45/165] Building C object zephyr/arch/common/CMakeFiles/arch__common.dir/init.c.obj
[46/165] Building ASM object zephyr/arch/arch/arm/core/CMakeFiles/arch__arm__core.dir/nmi_on_reset.S.obj
[47/165] Building ASM object zephyr/arch/arch/arm/core/cortex_m/CMakeFiles/arch__arm__core__cortex_m.dir/fault_s.S.obj
[48/165] Building C object zephyr/CMakeFiles/zephyr.dir/subsys/mem_mgmt/mem_attr.c.obj
[49/165] Building C object zephyr/CMakeFiles/zephyr.dir/subsys/tracing/tracing_none.c.obj
[50/165] Building C object zephyr/arch/common/CMakeFiles/isr_tables.dir/isr_tables.c.obj
[51/165] Building C object zephyr/arch/common/CMakeFiles/arch__common.dir/sw_isr_common.c.obj
[52/165] Building C object zephyr/CMakeFiles/zephyr.dir/subsys/logging/backends/log_backend_uart.c.obj
[53/165] Linking C static library zephyr/arch/common/libisr_tables.a
[54/165] Building C object zephyr/CMakeFiles/zephyr.dir/subsys/logging/log_msg.c.obj
[55/165] Building C object zephyr/arch/arch/arm/core/CMakeFiles/arch__arm__core.dir/nmi.c.obj
[56/165] Building ASM object zephyr/arch/arch/arm/core/cortex_m/CMakeFiles/arch__arm__core__cortex_m.dir/vector_table.S.obj
[57/165] Building C object zephyr/arch/arch/arm/core/CMakeFiles/arch__arm__core.dir/tls.c.obj
[58/165] Building ASM object zephyr/arch/arch/arm/core/cortex_m/CMakeFiles/arch__arm__core__cortex_m.dir/svc.S.obj
[59/165] Building C object zephyr/CMakeFiles/zephyr.dir/subsys/logging/log_core.c.obj
[60/165] Building ASM object zephyr/arch/arch/arm/core/cortex_m/CMakeFiles/arch__arm__core__cortex_m.dir/reset.S.obj
[61/165] Building C object zephyr/CMakeFiles/zephyr.dir/subsys/logging/log_output.c.obj
[62/165] Building C object zephyr/arch/common/CMakeFiles/arch__common.dir/xip.c.obj
[63/165] Linking C static library zephyr/arch/common/libarch__common.a
[64/165] Linking C static library zephyr/libzephyr.a
[65/165] Building C object zephyr/arch/arch/arm/core/cortex_m/CMakeFiles/arch__arm__core__cortex_m.dir/fpu.c.obj
[66/165] Building ASM object zephyr/arch/arch/arm/core/cortex_m/CMakeFiles/arch__arm__core__cortex_m.dir/__aeabi_read_tp.S.obj
[67/165] Building ASM object zephyr/arch/arch/arm/core/cortex_m/CMakeFiles/arch__arm__core__cortex_m.dir/swap_helper.S.obj
[68/165] Building C object zephyr/arch/arch/arm/core/cortex_m/CMakeFiles/arch__arm__core__cortex_m.dir/irq_manage.c.obj
[69/165] Building C object zephyr/arch/arch/arm/core/cortex_m/CMakeFiles/arch__arm__core__cortex_m.dir/scb.c.obj
[70/165] Building C object zephyr/arch/arch/arm/core/CMakeFiles/arch__arm__core.dir/fatal.c.obj
[71/165] Building C object zephyr/arch/arch/arm/core/cortex_m/CMakeFiles/arch__arm__core__cortex_m.dir/irq_init.c.obj
[72/165] Building C object zephyr/arch/arch/arm/core/cortex_m/CMakeFiles/arch__arm__core__cortex_m.dir/prep_c.c.obj
[73/165] Linking C static library zephyr/arch/arch/arm/core/libarch__arm__core.a
[74/165] Building C object zephyr/arch/arch/arm/core/cortex_m/CMakeFiles/arch__arm__core__cortex_m.dir/cpu_idle.c.obj
[75/165] Building C object zephyr/arch/arch/arm/core/cortex_m/CMakeFiles/arch__arm__core__cortex_m.dir/thread_abort.c.obj
[76/165] Building C object zephyr/arch/arch/arm/core/cortex_m/CMakeFiles/arch__arm__core__cortex_m.dir/exc_exit.c.obj
[77/165] Building C object zephyr/arch/arch/arm/core/cortex_m/CMakeFiles/arch__arm__core__cortex_m.dir/isr_wrapper.c.obj
[78/165] Building C object zephyr/arch/arch/arm/core/cortex_m/CMakeFiles/arch__arm__core__cortex_m.dir/thread.c.obj
[79/165] Building C object zephyr/arch/arch/arm/core/mpu/CMakeFiles/arch__arm__core__mpu.dir/arm_core_mpu.c.obj
[80/165] Building C object zephyr/lib/libc/common/CMakeFiles/lib__libc__common.dir/source/time/time.c.obj
[81/165] Building C object zephyr/arch/arch/arm/core/mpu/CMakeFiles/arch__arm__core__mpu.dir/arm_mpu_regions.c.obj
[82/165] Building C object zephyr/lib/libc/picolibc/CMakeFiles/lib__libc__picolibc.dir/assert.c.obj
[83/165] Building C object zephyr/lib/libc/picolibc/CMakeFiles/lib__libc__picolibc.dir/cbprintf.c.obj
[84/165] Building C object zephyr/lib/posix/c_lib_ext/CMakeFiles/lib__posix__c_lib_ext.dir/fnmatch.c.obj
[85/165] Building C object zephyr/lib/libc/picolibc/CMakeFiles/lib__libc__picolibc.dir/chk_fail.c.obj
[86/165] Building C object zephyr/lib/libc/picolibc/CMakeFiles/lib__libc__picolibc.dir/locks.c.obj
[87/165] Building C object zephyr/lib/libc/picolibc/CMakeFiles/lib__libc__picolibc.dir/exit.c.obj
[88/165] Building C object zephyr/lib/libc/picolibc/CMakeFiles/lib__libc__picolibc.dir/errno_wrap.c.obj
[89/165] Building C object zephyr/lib/libc/common/CMakeFiles/lib__libc__common.dir/source/stdlib/malloc.c.obj
[90/165] Building C object zephyr/lib/libc/picolibc/CMakeFiles/lib__libc__picolibc.dir/stdio.c.obj
[91/165] Building C object zephyr/lib/libc/common/CMakeFiles/lib__libc__common.dir/source/stdlib/abort.c.obj
[92/165] Building C object zephyr/arch/arch/arm/core/mpu/CMakeFiles/arch__arm__core__mpu.dir/arm_mpu.c.obj
[93/165] Linking C static library zephyr/lib/libc/picolibc/liblib__libc__picolibc.a
[94/165] Building C object zephyr/lib/posix/c_lib_ext/CMakeFiles/lib__posix__c_lib_ext.dir/getentropy.c.obj
[95/165] Linking C static library zephyr/lib/libc/common/liblib__libc__common.a
[96/165] Building C object zephyr/arch/arch/arm/core/cortex_m/CMakeFiles/arch__arm__core__cortex_m.dir/fault.c.obj
[97/165] Building C object zephyr/lib/posix/c_lib_ext/CMakeFiles/lib__posix__c_lib_ext.dir/getopt_shim.c.obj
[98/165] Linking C static library zephyr/arch/arch/arm/core/mpu/libarch__arm__core__mpu.a
[99/165] Building C object zephyr/drivers/pinctrl/CMakeFiles/drivers__pinctrl.dir/common.c.obj
[100/165] Linking C static library zephyr/arch/arch/arm/core/cortex_m/libarch__arm__core__cortex_m.a
[101/165] Linking C static library zephyr/lib/posix/c_lib_ext/liblib__posix__c_lib_ext.a
[102/165] Building C object modules/hal_stm32/stm32cube/CMakeFiles/..__modules__hal__stm32__stm32cube.dir/stm32f4xx/soc/system_stm32f4xx.c.obj
[103/165] Building C object zephyr/drivers/console/CMakeFiles/drivers__console.dir/uart_console.c.obj
[104/165] Building C object zephyr/drivers/clock_control/CMakeFiles/drivers__clock_control.dir/clock_stm32f2_f4_f7.c.obj
[105/165] Building C object zephyr/drivers/interrupt_controller/CMakeFiles/drivers__interrupt_controller.dir/intc_gpio_stm32.c.obj
[106/165] Linking C static library zephyr/drivers/console/libdrivers__console.a
[107/165] Building C object zephyr/drivers/pinctrl/CMakeFiles/drivers__pinctrl.dir/pinctrl_stm32.c.obj
[108/165] Building C object zephyr/drivers/timer/CMakeFiles/drivers__timer.dir/sys_clock_init.c.obj
[109/165] Building C object modules/hal_stm32/stm32cube/CMakeFiles/..__modules__hal__stm32__stm32cube.dir/stm32f4xx/drivers/src/stm32f4xx_hal.c.obj
[110/165] Linking C static library zephyr/drivers/pinctrl/libdrivers__pinctrl.a
[111/165] Building C object zephyr/drivers/reset/CMakeFiles/drivers__reset.dir/reset_stm32.c.obj
[112/165] Building C object zephyr/drivers/gpio/CMakeFiles/drivers__gpio.dir/gpio_stm32.c.obj
[113/165] Linking C static library zephyr/drivers/reset/libdrivers__reset.a
[114/165] Building C object modules/hal_stm32/stm32cube/CMakeFiles/..__modules__hal__stm32__stm32cube.dir/stm32f4xx/drivers/src/stm32f4xx_hal_rcc_ex.c.obj
[115/165] Building C object zephyr/drivers/clock_control/CMakeFiles/drivers__clock_control.dir/clock_stm32_ll_common.c.obj
[116/165] Building C object zephyr/drivers/timer/CMakeFiles/drivers__timer.dir/cortex_m_systick.c.obj
[117/165] Building C object modules/hal_stm32/stm32cube/CMakeFiles/..__modules__hal__stm32__stm32cube.dir/stm32f4xx/drivers/src/stm32f4xx_ll_rcc.c.obj
[118/165] Linking C static library zephyr/drivers/gpio/libdrivers__gpio.a
[119/165] Linking C static library zephyr/drivers/timer/libdrivers__timer.a
[120/165] Linking C static library zephyr/drivers/clock_control/libdrivers__clock_control.a
[121/165] Building C object modules/hal_stm32/stm32cube/CMakeFiles/..__modules__hal__stm32__stm32cube.dir/stm32f4xx/drivers/src/stm32f4xx_hal_rcc.c.obj
[122/165] Building C object modules/hal_stm32/stm32cube/CMakeFiles/..__modules__hal__stm32__stm32cube.dir/stm32f4xx/drivers/src/stm32f4xx_ll_utils.c.obj
[123/165] Building C object zephyr/kernel/CMakeFiles/kernel.dir/banner.c.obj
[124/165] Linking C static library modules/hal_stm32/stm32cube/lib..__modules__hal__stm32__stm32cube.a
[125/165] Building C object zephyr/kernel/CMakeFiles/kernel.dir/errno.c.obj
[126/165] Building C object zephyr/drivers/interrupt_controller/CMakeFiles/drivers__interrupt_controller.dir/intc_exti_stm32.c.obj
[127/165] Building C object zephyr/kernel/CMakeFiles/kernel.dir/main_weak.c.obj
[128/165] Building C object zephyr/kernel/CMakeFiles/kernel.dir/version.c.obj
[129/165] Building C object zephyr/kernel/CMakeFiles/kernel.dir/device.c.obj
[130/165] Linking C static library zephyr/drivers/interrupt_controller/libdrivers__interrupt_controller.a
[131/165] Building C object zephyr/kernel/CMakeFiles/kernel.dir/busy_wait.c.obj
[132/165] Building C object zephyr/kernel/CMakeFiles/kernel.dir/float.c.obj
[133/165] Building C object zephyr/kernel/CMakeFiles/kernel.dir/kheap.c.obj
[134/165] Building C object modules/power_switch/drivers/power_switch/CMakeFiles/power_switch_driver.dir/power_switch.c.obj
[135/165] Building C object zephyr/drivers/serial/CMakeFiles/drivers__serial.dir/uart_stm32.c.obj
[136/165] Linking C static library modules/power_switch/drivers/power_switch/libpower_switch_driver.a
[137/165] Linking C static library zephyr/drivers/serial/libdrivers__serial.a
[138/165] Building C object zephyr/kernel/CMakeFiles/kernel.dir/mem_slab.c.obj
[139/165] Building C object zephyr/kernel/CMakeFiles/kernel.dir/init.c.obj
[140/165] Building C object zephyr/kernel/CMakeFiles/kernel.dir/fatal.c.obj
[141/165] Building C object zephyr/kernel/CMakeFiles/kernel.dir/idle.c.obj
[142/165] Building C object zephyr/kernel/CMakeFiles/kernel.dir/sem.c.obj
[143/165] Building C object zephyr/kernel/CMakeFiles/kernel.dir/mailbox.c.obj
[144/165] Building C object zephyr/kernel/CMakeFiles/kernel.dir/msg_q.c.obj
[145/165] Building C object zephyr/kernel/CMakeFiles/kernel.dir/system_work_q.c.obj
[146/165] Building C object zephyr/kernel/CMakeFiles/kernel.dir/stack.c.obj
[147/165] Building C object zephyr/kernel/CMakeFiles/kernel.dir/queue.c.obj
[148/165] Building C object zephyr/kernel/CMakeFiles/kernel.dir/condvar.c.obj
[149/165] Building C object zephyr/kernel/CMakeFiles/kernel.dir/timeslicing.c.obj
[150/165] Building C object zephyr/kernel/CMakeFiles/kernel.dir/mutex.c.obj
[151/165] Building C object zephyr/kernel/CMakeFiles/kernel.dir/timer.c.obj
[152/165] Building C object zephyr/kernel/CMakeFiles/kernel.dir/pipe.c.obj
[153/165] Building C object zephyr/kernel/CMakeFiles/kernel.dir/dynamic_disabled.c.obj
[154/165] Building C object zephyr/kernel/CMakeFiles/kernel.dir/work.c.obj
[155/165] Building C object zephyr/kernel/CMakeFiles/kernel.dir/thread.c.obj
[156/165] Building C object zephyr/kernel/CMakeFiles/kernel.dir/timeout.c.obj
[157/165] Building C object zephyr/kernel/CMakeFiles/kernel.dir/mempool.c.obj
[158/165] Building C object zephyr/kernel/CMakeFiles/kernel.dir/sched.c.obj
[159/165] Linking C static library zephyr/kernel/libkernel.a
[160/165] Linking C executable zephyr/zephyr_pre0.elf
[161/165] Generating linker.cmd
[162/165] Generating isr_tables.c, isr_tables_vt.ld, isr_tables_swi.ld
[163/165] Building C object zephyr/CMakeFiles/zephyr_final.dir/misc/empty_file.c.obj
[164/165] Building C object zephyr/CMakeFiles/zephyr_final.dir/isr_tables.c.obj
[165/165] Linking C executable zephyr/zephyr.elf
Memory region         Used Size  Region Size  %age Used
           FLASH:       28572 B       256 KB     10.90%
             RAM:        6720 B        64 KB     10.25%
           SRAM0:          0 GB        64 KB      0.00%
        IDT_LIST:          0 GB        32 KB      0.00%
Generating files from /home/ayman/zephyrproject/iti_applications/power_switch_project/build/zephyr/zephyr.elf for board: blackpill_f401cc/stm32f401xc
